###############################################################################
#
# IAR ELF Linker V8.50.9.278/W32 for ARM                  13/Apr/2021  13:51:40
# Copyright 2007-2020 IAR Systems AB.
#
#    Output file  =  D:\Embedded Systems\Lab 9 - SPI\Debug\Exe\lab9.out
#    Map file     =  D:\Embedded Systems\Lab 9 - SPI\Debug\List\lab9.map
#    Command line =
#        -f C:\Users\PALETI~1\AppData\Local\Temp\EWD6D5.tmp ("D:\Embedded
#        Systems\Lab 9 - SPI\Debug\Obj\main.o" --no_out_extension -o
#        "D:\Embedded Systems\Lab 9 - SPI\Debug\Exe\lab9.out" --redirect
#        _Printf=_PrintfFullNoMb --redirect _Scanf=_ScanfFullNoMb --map
#        "D:\Embedded Systems\Lab 9 - SPI\Debug\List\lab9.map" --config
#        "C:\Program Files (x86)\IAR Systems\Embedded Workbench
#        8.4\arm\config\linker\TexasInstruments\TM4C123GH6.icf" --semihosting
#        --entry __iar_program_start --vfe --text_out locale)
#
###############################################################################

*******************************************************************************
*** RUNTIME MODEL ATTRIBUTES
***

CppFlavor       = *
__SystemLibrary = DLib
__dlib_version  = 6


*******************************************************************************
*** HEAP SELECTION
***

The basic heap was selected because some modules are built with
size limitations (and not runtime checking), and --advanced_heap
was not specified.


*******************************************************************************
*** PLACEMENT SUMMARY
***

"A0":  place at address 0x0 { ro section .intvec };
"P1":  place in [from 0x0 to 0x3'ffff] { ro };
define block CSTACK with size = 4K, alignment = 8 { };
define block HEAP with size = 8K, alignment = 8 { };
"P2":  place in [from 0x2000'0000 to 0x2000'7fff] {
          rw, block CSTACK, block HEAP };

No sections matched the following patterns:

  rw  in "P2"


  Section   Kind         Address    Size  Object
  -------   ----         -------    ----  ------
"A0":                               0x40
  .intvec   ro code          0x0    0x40  vector_table_M.o [4]
                          - 0x40    0x40

"P1":                              0x35c
  .text     ro code         0x40   0x290  main.o [1]
  .text     ro code        0x2d0    0x22  fpinit_M.o [3]
  .text     ro code        0x2f2     0x2  vector_table_M.o [4]
  .rodata   const          0x2f4    0x20  main.o [1]
  .text     ro code        0x314    0x1e  cmain.o [4]
  .text     ro code        0x332     0x4  low_level_init.o [2]
  .text     ro code        0x336     0x4  exit.o [2]
  .text     ro code        0x33c     0xa  cexit.o [4]
  .text     ro code        0x348    0x14  exit.o [5]
  .rodata   const          0x35c    0x1c  main.o [1]
  .text     ro code        0x378    0x1c  cstartup_M.o [4]
  .rodata   const          0x394     0x8  main.o [1]
                         - 0x39c   0x35c

"P2":                             0x1000
  CSTACK             0x2000'0000  0x1000  <Block>
    CSTACK  uninit   0x2000'0000  0x1000  <Block tail>
                   - 0x2000'1000  0x1000

Unused ranges:

         From           To      Size
         ----           --      ----
        0x39c     0x3'ffff  0x3'fc64
  0x2000'1000  0x2000'7fff    0x7000



*******************************************************************************
*** MODULE SUMMARY
***

    Module            ro code  ro data  rw data
    ------            -------  -------  -------
command line/config:
    -------------------------------------------
    Total:

D:\Embedded Systems\Lab 9 - SPI\Debug\Obj: [1]
    main.o                656       68
    -------------------------------------------
    Total:                656       68

dl7M_tln.a: [2]
    exit.o                  4
    low_level_init.o        4
    -------------------------------------------
    Total:                  8

m7M_tls.a: [3]
    fpinit_M.o             34
    -------------------------------------------
    Total:                 34

rt7M_tl.a: [4]
    cexit.o                10
    cmain.o                30
    cstartup_M.o           28
    vector_table_M.o       66
    -------------------------------------------
    Total:                134

shb_l.a: [5]
    exit.o                 20
    -------------------------------------------
    Total:                 20

    Gaps                    4
    Linker created                        4'096
-----------------------------------------------
    Grand Total:          856       68    4'096


*******************************************************************************
*** ENTRY LIST
***

Entry                     Address   Size  Type      Object
-----                     -------   ----  ----      ------
?main                       0x315         Code  Gb  cmain.o [4]
CSTACK$$Base          0x2000'0000          --   Gb  - Linker created -
CSTACK$$Limit         0x2000'1000          --   Gb  - Linker created -
Region$$Table$$Base           0x0          --   Gb  - Linker created -
Region$$Table$$Limit          0x0          --   Gb  - Linker created -
__cmain                     0x315         Code  Gb  cmain.o [4]
__exit                      0x349   0x14  Code  Gb  exit.o [5]
__iar_init_vfp              0x2d1         Code  Gb  fpinit_M.o [3]
__iar_program_start         0x379         Code  Gb  cstartup_M.o [4]
__low_level_init            0x333    0x4  Code  Gb  low_level_init.o [2]
__vector_table                0x0         Data  Gb  vector_table_M.o [4]
_call_main                  0x321         Code  Gb  cmain.o [4]
_exit                       0x33d         Code  Gb  cexit.o [4]
_main                       0x32b         Code  Gb  cmain.o [4]
decode                       0x99   0x3e  Code  Gb  main.o [1]
delayMs                      0x7f   0x1a  Code  Gb  main.o [1]
exit                        0x337    0x4  Code  Gb  exit.o [2]
main                         0xd7  0x168  Code  Gb  main.o [1]
printChar                    0x59   0x10  Code  Gb  main.o [1]
printString                  0x69   0x16  Code  Gb  main.o [1]
recvChar                     0x4d    0xc  Code  Gb  main.o [1]
sendChar                     0x41    0xc  Code  Gb  main.o [1]


[1] = D:\Embedded Systems\Lab 9 - SPI\Debug\Obj
[2] = dl7M_tln.a
[3] = m7M_tls.a
[4] = rt7M_tl.a
[5] = shb_l.a

    856 bytes of readonly  code memory
     68 bytes of readonly  data memory
  4'096 bytes of readwrite data memory

Errors: none
Warnings: none
